// Vitest Snapshot v1, https://vitest.dev/guide/snapshot.html

exports[`ArticleCard > matches snapshot 1`] = `
"<article class="card card-article unread">
  <div class="card-head">
    <source-tag-stub item="[object Object]"></source-tag-stub>
    <card-actions-stub item="[object Object]"></card-actions-stub>
  </div>
  <h3 class="card-title">Test Article Title</h3>
  <p class="card-excerpt">First paragraph. Second paragraph.</p>
  <div class="card-foot">
    <div class="chips"><span class="chip">#design</span><span class="chip">#web</span></div>
  </div>
</article>"
`;
