// Vitest Snapshot v1, https://vitest.dev/guide/snapshot.html

exports[`SettingsAccount > matches snapshot 1`] = `
"<section class="set-section">
  <h2>Account</h2>
  <p class="desc">Manage your Reader account.</p>
  <div class="conn">
    <avatar-button-stub class="h-12 w-12"></avatar-button-stub>
    <div class="conn-info">
      <div class="conn-name">Demo User</div>
      <div class="conn-desc">demo@example.com</div>
      <div class="conn-since">Free plan · 12 items today </div>
    </div><button class="btn">
      <r-icon-stub name="logout" size="16"></r-icon-stub> Sign out
    </button>
  </div>
</section>
<section class="set-section">
  <h2>Billing</h2>
  <p class="desc billing-desc">You're on the Free plan. Upgrade to Pro for unlimited sources.</p><a href="/pricing" class="btn btn-primary"> Upgrade to Pro </a>
  <!--v-if-->
</section>
<section class="set-section">
  <h2>Your data</h2>
  <p class="desc"> Download everything you've stored in Reader — your sources and saved items, plus your reading settings and connected accounts — as a JSON file. </p><button class="btn">
    <r-icon-stub name="download" size="16"></r-icon-stub> Export my data
  </button>
  <!--v-if-->
</section>
<section class="set-section">
  <h2>Edit profile</h2>
  <p class="desc">Update your name and profile photo.</p>
  <user-profile-stub></user-profile-stub>
</section>
<settings-delete-account-stub></settings-delete-account-stub>"
`;
