// Vitest Snapshot v1, https://vitest.dev/guide/snapshot.html

exports[`TweetCard > matches snapshot 1`] = `
"<article class="card card-tweet">
  <div class="tw-head"><span class="avatar src-tweet">TU</span>
    <div class="tw-id"><b>Test User</b><span class="tw-handle">@testuser · 3h</span></div><span class="tw-glyph src-tweet"><r-icon-stub name="chat" size="15"></r-icon-stub></span>
  </div>
  <p class="tw-text">This is a test tweet body text.</p>
  <div class="tw-actions"><button class="icon-btn ml-auto" title="Save for later">
      <r-icon-stub name="bookmark" size="15"></r-icon-stub>
    </button><button class="icon-btn" title="Star">
      <r-icon-stub name="star" size="15"></r-icon-stub>
    </button></div>
</article>"
`;
